2025-05-23 12:42:51,221 - INFO - Iniciando generación de alertas de inventario...
2025-05-23 12:42:51,233 - INFO - 0 alertas marcadas como resueltas
2025-05-23 12:42:51,263 - INFO - Nueva alerta creada: STOCK_AGOTADO para Aceite Motor 10W-40 Sintético 4L
2025-05-23 12:42:51,268 - INFO - Nueva alerta creada: STOCK_AGOTADO para Aceite Motor 20W-50 4L
2025-05-23 12:42:51,272 - INFO - Nueva alerta creada: STOCK_AGOTADO para Aceite Transmisión ATF
2025-05-23 12:42:51,275 - INFO - Nueva alerta creada: STOCK_AGOTADO para Cera Liquida 500ml
2025-05-23 12:42:51,278 - INFO - Nueva alerta creada: STOCK_AGOTADO para Champú para Auto 1L
2025-05-23 12:42:51,281 - INFO - Alerta actualizada: Destornillador Plano
2025-05-23 12:42:51,284 - INFO - Nueva alerta creada: STOCK_AGOTADO para Filtro de Aceite Universal
2025-05-23 12:42:51,286 - INFO - Nueva alerta creada: STOCK_AGOTADO para Filtro de Aire Universal
2025-05-23 12:42:51,290 - INFO - Nueva alerta creada: STOCK_AGOTADO para Filtro de Combustible
2025-05-23 12:42:51,293 - INFO - Nueva alerta creada: STOCK_AGOTADO para Limpiador de Llantas 500ml
2025-05-23 12:42:51,296 - INFO - Nueva alerta creada: STOCK_AGOTADO para Líquido de Frenos DOT 3
2025-05-23 12:42:51,298 - INFO - Nueva alerta creada: STOCK_AGOTADO para Llave de Tubo 10mm
2025-05-23 12:42:51,301 - INFO - Nueva alerta creada: STOCK_AGOTADO para Pastillas de Freno Delanteras
2025-05-23 12:42:51,303 - INFO - Nueva alerta creada: STOCK_AGOTADO para Pastillas de Freno Traseras
2025-05-23 12:42:51,304 - INFO - Proceso completado: 13 nuevas alertas generadas
2025-05-23 12:45:56,169 - INFO - Iniciando generación de alertas de inventario...
2025-05-23 12:45:56,180 - INFO - 0 alertas marcadas como resueltas
2025-05-23 12:45:56,200 - INFO - Alerta actualizada: Espuma Limpiadora
2025-05-23 12:45:56,206 - INFO - Proceso completado: 0 nuevas alertas generadas
2025-05-23 14:45:42,093 - INFO - Iniciando generación de alertas de inventario...
2025-05-23 14:45:42,123 - INFO - 0 alertas marcadas como resueltas
2025-05-23 14:45:42,134 - INFO - Proceso completado: 0 nuevas alertas generadas
2025-05-23 14:53:58,976 - INFO - Iniciando generación de alertas de inventario...
2025-05-23 14:53:58,987 - INFO - 0 alertas marcadas como resueltas
2025-05-23 14:53:58,999 - INFO - Alerta actualizada: Aceite Motor 10W-40 Sintético 4L
2025-05-23 14:53:59,008 - INFO - Proceso completado: 0 nuevas alertas generadas
2025-05-23 14:55:33,093 - INFO - Iniciando generación de alertas de inventario...
2025-05-23 14:55:33,106 - INFO - 0 alertas marcadas como resueltas
2025-05-23 14:55:33,121 - INFO - Proceso completado: 0 nuevas alertas generadas
2025-05-23 14:55:37,286 - INFO - Iniciando generación de alertas de inventario...
2025-05-23 14:55:37,299 - INFO - 0 alertas marcadas como resueltas
2025-05-23 14:55:37,308 - INFO - Proceso completado: 0 nuevas alertas generadas
2025-05-23 14:56:35,907 - INFO - Iniciando generación de alertas de inventario...
2025-05-23 14:56:35,920 - INFO - 0 alertas marcadas como resueltas
2025-05-23 14:56:35,937 - INFO - Proceso completado: 0 nuevas alertas generadas
2025-05-23 15:02:54,265 - INFO - Iniciando generación de alertas de inventario...
2025-05-23 15:02:54,266 - INFO - Configuración: Enviar emails: True, Resumen diario: False, Forzar email: False
2025-05-23 15:02:54,279 - INFO - Encontrados 15 productos con stock bajo o agotado
2025-05-23 15:02:54,291 - INFO - 📝 Alerta actualizada: Aceite Motor 20W-50 4L
2025-05-23 15:02:56,983 - INFO - Alerta enviada por email: Aceite Motor 20W-50 4L a 3 destinatarios
2025-05-23 15:02:56,993 - INFO - 📧 Email enviado para alerta existente: Aceite Motor 20W-50 4L
2025-05-23 15:02:56,998 - INFO - 📝 Alerta actualizada: Aceite Transmisión ATF
2025-05-23 15:02:58,025 - INFO - Alerta enviada por email: Aceite Transmisión ATF a 3 destinatarios
2025-05-23 15:02:58,036 - INFO - 📧 Email enviado para alerta existente: Aceite Transmisión ATF
2025-05-23 15:02:58,061 - INFO - 📝 Alerta actualizada: Filtro de Aceite Universal
2025-05-23 15:02:59,958 - INFO - Alerta enviada por email: Filtro de Aceite Universal a 3 destinatarios
2025-05-23 15:02:59,992 - INFO - 📧 Email enviado para alerta existente: Filtro de Aceite Universal
2025-05-23 15:02:59,998 - INFO - 📝 Alerta actualizada: Filtro de Aire Universal
2025-05-23 15:03:01,113 - INFO - Alerta enviada por email: Filtro de Aire Universal a 3 destinatarios
2025-05-23 15:03:01,147 - INFO - 📧 Email enviado para alerta existente: Filtro de Aire Universal
2025-05-23 15:03:01,153 - INFO - 📝 Alerta actualizada: Filtro de Combustible
2025-05-23 15:03:02,734 - INFO - Alerta enviada por email: Filtro de Combustible a 3 destinatarios
2025-05-23 15:03:02,742 - INFO - 📧 Email enviado para alerta existente: Filtro de Combustible
2025-05-23 15:03:02,746 - INFO - 📝 Alerta actualizada: Pastillas de Freno Delanteras
2025-05-23 15:03:03,765 - INFO - Alerta enviada por email: Pastillas de Freno Delanteras a 3 destinatarios
2025-05-23 15:03:03,774 - INFO - 📧 Email enviado para alerta existente: Pastillas de Freno Delanteras
2025-05-23 15:03:03,778 - INFO - 📝 Alerta actualizada: Pastillas de Freno Traseras
2025-05-23 15:03:05,554 - INFO - Alerta enviada por email: Pastillas de Freno Traseras a 3 destinatarios
2025-05-23 15:03:05,563 - INFO - 📧 Email enviado para alerta existente: Pastillas de Freno Traseras
2025-05-23 15:03:05,567 - INFO - 📝 Alerta actualizada: Líquido de Frenos DOT 3
2025-05-23 15:03:07,053 - INFO - Alerta enviada por email: Líquido de Frenos DOT 3 a 3 destinatarios
2025-05-23 15:03:07,061 - INFO - 📧 Email enviado para alerta existente: Líquido de Frenos DOT 3
2025-05-23 15:03:07,066 - INFO - 📝 Alerta actualizada: Llave de Tubo 10mm
2025-05-23 15:03:08,406 - INFO - Alerta enviada por email: Llave de Tubo 10mm a 3 destinatarios
2025-05-23 15:03:08,414 - INFO - 📧 Email enviado para alerta existente: Llave de Tubo 10mm
2025-05-23 15:03:08,440 - INFO - 📝 Alerta actualizada: Champú para Auto 1L
2025-05-23 15:03:09,684 - INFO - Alerta enviada por email: Champú para Auto 1L a 3 destinatarios
2025-05-23 15:03:09,692 - INFO - 📧 Email enviado para alerta existente: Champú para Auto 1L
2025-05-23 15:03:09,696 - INFO - 📝 Alerta actualizada: Cera Liquida 500ml
2025-05-23 15:03:11,304 - INFO - Alerta enviada por email: Cera Liquida 500ml a 3 destinatarios
2025-05-23 15:03:11,311 - INFO - 📧 Email enviado para alerta existente: Cera Liquida 500ml
2025-05-23 15:03:11,315 - INFO - 📝 Alerta actualizada: Limpiador de Llantas 500ml
2025-05-23 15:03:13,083 - INFO - Alerta enviada por email: Limpiador de Llantas 500ml a 3 destinatarios
2025-05-23 15:03:13,088 - INFO - 📧 Email enviado para alerta existente: Limpiador de Llantas 500ml
2025-05-23 15:03:13,093 - INFO - 📝 Alerta actualizada: Aceite Motor 10W-40 Sintético 4L
2025-05-23 15:03:13,100 - INFO - 📝 Alerta actualizada: Destornillador Plano
2025-05-23 15:03:13,105 - INFO - 📝 Alerta actualizada: Espuma Limpiadora
2025-05-23 15:03:13,106 - INFO - ============================================================
2025-05-23 15:03:13,106 - INFO - ✓ Alertas nuevas: 0
2025-05-23 15:03:13,106 - INFO - ✓ Alertas resueltas: 0
2025-05-23 15:03:13,107 - INFO - ✓ Emails enviados: 12
2025-05-23 15:03:13,108 - INFO - ============================================================
2025-05-23 15:04:42,831 - INFO - Iniciando generación de alertas de inventario...
2025-05-23 15:04:42,832 - INFO - Configuración: Enviar emails: True, Resumen diario: False, Forzar email: False
2025-05-23 15:04:42,842 - INFO - Encontrados 15 productos con stock bajo o agotado
2025-05-23 15:04:42,860 - INFO - ⚠️ Nueva alerta creada: STOCK_CRITICO para Aceite Motor 10W-40 Sintético 4L
2025-05-23 15:04:44,367 - INFO - Alerta enviada por email: Aceite Motor 10W-40 Sintético 4L a 3 destinatarios
2025-05-23 15:04:44,377 - INFO - 📧 Email enviado para nueva alerta: Aceite Motor 10W-40 Sintético 4L
2025-05-23 15:04:44,380 - INFO - ============================================================
2025-05-23 15:04:44,380 - INFO - ✓ Alertas nuevas: 1
2025-05-23 15:04:44,381 - INFO - ✓ Alertas resueltas: 0
2025-05-23 15:04:44,381 - INFO - ✓ Emails enviados: 1
2025-05-23 15:04:44,381 - INFO - ============================================================
2025-05-23 15:12:19,771 - INFO - Iniciando generación de alertas de inventario...
2025-05-23 15:12:19,773 - INFO - Configuración: Enviar emails: True, Resumen diario: False, Forzar email: False
2025-05-23 15:12:19,816 - INFO - Encontrados 15 productos con stock bajo o agotado
2025-05-23 15:12:19,863 - INFO - ============================================================
2025-05-23 15:12:19,865 - INFO - ✓ Alertas nuevas: 0
2025-05-23 15:12:19,866 - INFO - ✓ Alertas resueltas: 0
2025-05-23 15:12:19,867 - INFO - ✓ Emails enviados: 0
2025-05-23 15:12:19,867 - INFO - ============================================================
2025-09-20 07:53:10,813 - INFO - Iniciando generación de alertas de inventario...
2025-09-20 07:53:10,814 - INFO - Configuración: Enviar emails: True, Resumen diario: False, Forzar email: False
2025-09-20 07:53:10,825 - INFO - Encontrados 15 productos con stock bajo o agotado
2025-09-20 07:53:10,844 - INFO - ============================================================
2025-09-20 07:53:10,845 - INFO - ✓ Alertas nuevas: 0
2025-09-20 07:53:10,845 - INFO - ✓ Alertas resueltas: 0
2025-09-20 07:53:10,845 - INFO - ✓ Emails enviados: 0
2025-09-20 07:53:10,845 - INFO - ============================================================
2025-09-20 07:54:37,526 - INFO - Iniciando generación de alertas de inventario...
2025-09-20 07:54:37,527 - INFO - Configuración: Enviar emails: True, Resumen diario: False, Forzar email: False
2025-09-20 07:54:37,541 - INFO - Encontrados 15 productos con stock bajo o agotado
2025-09-20 07:54:37,555 - INFO - ============================================================
2025-09-20 07:54:37,555 - INFO - ✓ Alertas nuevas: 0
2025-09-20 07:54:37,555 - INFO - ✓ Alertas resueltas: 0
2025-09-20 07:54:37,556 - INFO - ✓ Emails enviados: 0
2025-09-20 07:54:37,556 - INFO - ============================================================
2025-09-20 07:54:58,065 - INFO - Iniciando generación de alertas de inventario...
2025-09-20 07:54:58,066 - INFO - Configuración: Enviar emails: True, Resumen diario: False, Forzar email: False
2025-09-20 07:54:58,079 - INFO - Encontrados 15 productos con stock bajo o agotado
2025-09-20 07:54:58,092 - INFO - ============================================================
2025-09-20 07:54:58,092 - INFO - ✓ Alertas nuevas: 0
2025-09-20 07:54:58,092 - INFO - ✓ Alertas resueltas: 0
2025-09-20 07:54:58,092 - INFO - ✓ Emails enviados: 0
2025-09-20 07:54:58,092 - INFO - ============================================================
2025-09-20 07:56:57,254 - INFO - Iniciando generación de alertas de inventario...
2025-09-20 07:56:57,254 - INFO - Configuración: Enviar emails: True, Resumen diario: False, Forzar email: False
2025-09-20 07:56:57,266 - INFO - Encontrados 15 productos con stock bajo o agotado
2025-09-20 07:56:57,276 - INFO - ============================================================
2025-09-20 07:56:57,277 - INFO - ✓ Alertas nuevas: 0
2025-09-20 07:56:57,277 - INFO - ✓ Alertas resueltas: 0
2025-09-20 07:56:57,277 - INFO - ✓ Emails enviados: 0
2025-09-20 07:56:57,277 - INFO - ============================================================
2025-09-20 07:57:06,199 - INFO - Iniciando generación de alertas de inventario...
2025-09-20 07:57:06,200 - INFO - Configuración: Enviar emails: True, Resumen diario: False, Forzar email: False
2025-09-20 07:57:06,210 - INFO - Encontrados 15 productos con stock bajo o agotado
2025-09-20 07:57:06,225 - INFO - ============================================================
2025-09-20 07:57:06,225 - INFO - ✓ Alertas nuevas: 0
2025-09-20 07:57:06,225 - INFO - ✓ Alertas resueltas: 0
2025-09-20 07:57:06,226 - INFO - ✓ Emails enviados: 0
2025-09-20 07:57:06,226 - INFO - ============================================================
2025-09-20 08:07:25,296 - INFO - Iniciando generación de alertas de inventario...
2025-09-20 08:07:25,297 - INFO - Configuración: Enviar emails: True, Resumen diario: False, Forzar email: False
2025-09-20 08:07:25,312 - INFO - Encontrados 15 productos con stock bajo o agotado
2025-09-20 08:07:25,340 - INFO - 📝 Alerta actualizada: Aceite Motor 10W-40 Sintético 4L
2025-09-20 08:07:25,343 - INFO - ============================================================
2025-09-20 08:07:25,344 - INFO - ✓ Alertas nuevas: 0
2025-09-20 08:07:25,344 - INFO - ✓ Alertas resueltas: 0
2025-09-20 08:07:25,344 - INFO - ✓ Emails enviados: 0
2025-09-20 08:07:25,344 - INFO - ============================================================
2025-09-20 08:07:35,047 - INFO - Iniciando generación de alertas de inventario...
2025-09-20 08:07:35,048 - INFO - Configuración: Enviar emails: True, Resumen diario: False, Forzar email: False
2025-09-20 08:07:35,059 - INFO - Encontrados 15 productos con stock bajo o agotado
2025-09-20 08:07:35,080 - INFO - ============================================================
2025-09-20 08:07:35,080 - INFO - ✓ Alertas nuevas: 0
2025-09-20 08:07:35,081 - INFO - ✓ Alertas resueltas: 0
2025-09-20 08:07:35,081 - INFO - ✓ Emails enviados: 0
2025-09-20 08:07:35,081 - INFO - ============================================================
2025-09-20 08:07:59,966 - INFO - Iniciando generación de alertas de inventario...
2025-09-20 08:07:59,966 - INFO - Configuración: Enviar emails: True, Resumen diario: False, Forzar email: False
2025-09-20 08:07:59,979 - INFO - Encontrados 15 productos con stock bajo o agotado
2025-09-20 08:07:59,994 - INFO - ============================================================
2025-09-20 08:07:59,994 - INFO - ✓ Alertas nuevas: 0
2025-09-20 08:07:59,994 - INFO - ✓ Alertas resueltas: 0
2025-09-20 08:07:59,995 - INFO - ✓ Emails enviados: 0
2025-09-20 08:07:59,995 - INFO - ============================================================
2025-09-20 08:11:57,610 - INFO - Iniciando generación de alertas de inventario...
2025-09-20 08:11:57,610 - INFO - Configuración: Enviar emails: True, Resumen diario: False, Forzar email: False
2025-09-20 08:11:57,622 - INFO - Encontrados 15 productos con stock bajo o agotado
2025-09-20 08:11:57,640 - INFO - ============================================================
2025-09-20 08:11:57,640 - INFO - ✓ Alertas nuevas: 0
2025-09-20 08:11:57,640 - INFO - ✓ Alertas resueltas: 0
2025-09-20 08:11:57,641 - INFO - ✓ Emails enviados: 0
2025-09-20 08:11:57,641 - INFO - ============================================================
2025-09-20 08:16:12,698 - INFO - Iniciando generación de alertas de inventario...
2025-09-20 08:16:12,698 - INFO - Configuración: Enviar emails: True, Resumen diario: False, Forzar email: False
2025-09-20 08:16:12,709 - INFO - Encontrados 15 productos con stock bajo o agotado
2025-09-20 08:16:12,724 - INFO - ============================================================
2025-09-20 08:16:12,724 - INFO - ✓ Alertas nuevas: 0
2025-09-20 08:16:12,725 - INFO - ✓ Alertas resueltas: 0
2025-09-20 08:16:12,725 - INFO - ✓ Emails enviados: 0
2025-09-20 08:16:12,725 - INFO - ============================================================
2025-09-30 13:00:22,600 - INFO - Iniciando generación de alertas de inventario...
2025-09-30 13:00:22,601 - INFO - Configuración: Enviar emails: True, Resumen diario: False, Forzar email: False
2025-09-30 13:00:22,613 - INFO - Encontrados 14 productos con stock bajo o agotado
2025-09-30 13:00:22,629 - INFO - 🚨 Nueva alerta creada: STOCK_AGOTADO para Aceite Motor 20W-50 4L
2025-09-30 13:00:23,885 - INFO - Alerta enviada por email: Aceite Motor 20W-50 4L a 1 destinatarios
2025-09-30 13:00:23,893 - INFO - 📧 Email enviado para nueva alerta: Aceite Motor 20W-50 4L
2025-09-30 13:00:23,900 - INFO - 📝 Alerta actualizada: Aceite Motor 10W-40 Sintético 4L
2025-09-30 13:00:25,125 - INFO - Alerta enviada por email: Aceite Motor 10W-40 Sintético 4L a 1 destinatarios
2025-09-30 13:00:25,137 - INFO - 📧 Email enviado para alerta existente: Aceite Motor 10W-40 Sintético 4L
2025-09-30 13:00:25,146 - INFO - 🚨 Nueva alerta creada: STOCK_AGOTADO para Aceite Transmisión ATF
2025-09-30 13:00:26,324 - INFO - Alerta enviada por email: Aceite Transmisión ATF a 1 destinatarios
2025-09-30 13:00:26,333 - INFO - 📧 Email enviado para nueva alerta: Aceite Transmisión ATF
2025-09-30 13:00:26,340 - INFO - 🚨 Nueva alerta creada: STOCK_AGOTADO para Filtro de Aceite Universal
2025-09-30 13:00:27,559 - INFO - Alerta enviada por email: Filtro de Aceite Universal a 1 destinatarios
2025-09-30 13:00:27,576 - INFO - 📧 Email enviado para nueva alerta: Filtro de Aceite Universal
2025-09-30 13:00:27,582 - INFO - 🚨 Nueva alerta creada: STOCK_AGOTADO para Filtro de Aire Universal
2025-09-30 13:00:28,720 - INFO - Alerta enviada por email: Filtro de Aire Universal a 1 destinatarios
2025-09-30 13:00:28,733 - INFO - 📧 Email enviado para nueva alerta: Filtro de Aire Universal
2025-09-30 13:00:28,741 - INFO - 🚨 Nueva alerta creada: STOCK_AGOTADO para Filtro de Combustible
2025-09-30 13:00:29,890 - INFO - Alerta enviada por email: Filtro de Combustible a 1 destinatarios
2025-09-30 13:00:29,902 - INFO - 📧 Email enviado para nueva alerta: Filtro de Combustible
2025-09-30 13:00:29,910 - INFO - 🚨 Nueva alerta creada: STOCK_AGOTADO para Pastillas de Freno Delanteras
2025-09-30 13:00:31,009 - INFO - Alerta enviada por email: Pastillas de Freno Delanteras a 1 destinatarios
2025-09-30 13:00:31,021 - INFO - 📧 Email enviado para nueva alerta: Pastillas de Freno Delanteras
2025-09-30 13:00:31,028 - INFO - 🚨 Nueva alerta creada: STOCK_AGOTADO para Pastillas de Freno Traseras
2025-09-30 13:00:32,085 - INFO - Alerta enviada por email: Pastillas de Freno Traseras a 1 destinatarios
2025-09-30 13:00:32,093 - INFO - 📧 Email enviado para nueva alerta: Pastillas de Freno Traseras
2025-09-30 13:00:32,099 - INFO - 🚨 Nueva alerta creada: STOCK_AGOTADO para Líquido de Frenos DOT 3
2025-09-30 13:00:33,270 - INFO - Alerta enviada por email: Líquido de Frenos DOT 3 a 1 destinatarios
2025-09-30 13:00:33,282 - INFO - 📧 Email enviado para nueva alerta: Líquido de Frenos DOT 3
2025-09-30 13:00:33,289 - INFO - 🚨 Nueva alerta creada: STOCK_AGOTADO para Llave de Tubo 10mm
2025-09-30 13:00:34,474 - INFO - Alerta enviada por email: Llave de Tubo 10mm a 1 destinatarios
2025-09-30 13:00:34,486 - INFO - 📧 Email enviado para nueva alerta: Llave de Tubo 10mm
2025-09-30 13:00:34,493 - INFO - 🚨 Nueva alerta creada: STOCK_AGOTADO para Destornillador Plano
2025-09-30 13:00:35,769 - INFO - Alerta enviada por email: Destornillador Plano a 1 destinatarios
2025-09-30 13:00:35,782 - INFO - 📧 Email enviado para nueva alerta: Destornillador Plano
2025-09-30 13:00:35,792 - INFO - 🚨 Nueva alerta creada: STOCK_AGOTADO para Champú para Auto 1L
2025-09-30 13:00:36,833 - INFO - Alerta enviada por email: Champú para Auto 1L a 1 destinatarios
2025-09-30 13:00:36,844 - INFO - 📧 Email enviado para nueva alerta: Champú para Auto 1L
2025-09-30 13:00:36,851 - INFO - 🚨 Nueva alerta creada: STOCK_AGOTADO para Cera Liquida 500ml
2025-09-30 13:00:37,998 - INFO - Alerta enviada por email: Cera Liquida 500ml a 1 destinatarios
2025-09-30 13:00:38,010 - INFO - 📧 Email enviado para nueva alerta: Cera Liquida 500ml
2025-09-30 13:00:38,018 - INFO - 🚨 Nueva alerta creada: STOCK_AGOTADO para Limpiador de Llantas 500ml
2025-09-30 13:00:39,049 - INFO - Alerta enviada por email: Limpiador de Llantas 500ml a 1 destinatarios
2025-09-30 13:00:39,064 - INFO - 📧 Email enviado para nueva alerta: Limpiador de Llantas 500ml
2025-09-30 13:00:39,065 - INFO - ============================================================
2025-09-30 13:00:39,065 - INFO - ✓ Alertas nuevas: 13
2025-09-30 13:00:39,065 - INFO - ✓ Alertas resueltas: 0
2025-09-30 13:00:39,065 - INFO - ✓ Emails enviados: 14
2025-09-30 13:00:39,065 - INFO - ============================================================
2025-09-30 13:53:38,787 - INFO - Iniciando generación de alertas de inventario...
2025-09-30 13:53:38,787 - INFO - Configuración: Enviar emails: True, Resumen diario: False, Forzar email: False
2025-09-30 13:53:38,823 - INFO - Encontrados 14 productos con stock bajo o agotado
2025-09-30 13:53:38,842 - INFO - ============================================================
2025-09-30 13:53:38,842 - INFO - ✓ Alertas nuevas: 0
2025-09-30 13:53:38,843 - INFO - ✓ Alertas resueltas: 0
2025-09-30 13:53:38,843 - INFO - ✓ Emails enviados: 0
2025-09-30 13:53:38,843 - INFO - ============================================================
