2025-05-23 12:06:13,726 - INFO - Iniciando envío de recordatorios para 2025-05-24
2025-05-23 12:06:13,726 - INFO - Modo de prueba: No
2025-05-23 12:06:13,739 - INFO - Encontradas 0 citas para 2025-05-24
2025-05-23 12:06:13,739 - INFO - No hay citas para enviar recordatorios
2025-05-23 12:08:34,710 - INFO - Iniciando envío de recordatorios para 2025-05-24
2025-05-23 12:08:34,712 - INFO - Modo de prueba: No
2025-05-23 12:08:34,723 - INFO - Encontradas 0 citas para 2025-05-24
2025-05-23 12:08:34,723 - INFO - No hay citas para enviar recordatorios
2025-05-23 12:09:08,114 - INFO - Iniciando envío de recordatorios para 2025-05-24
2025-05-23 12:09:08,114 - INFO - Modo de prueba: No
2025-05-23 12:09:08,125 - INFO - Encontradas 1 citas para 2025-05-24
2025-05-23 12:09:09,855 - INFO - ✓ Recordatorio enviado para la cita #4 (dhernandezg27@miumg.edu.gt)
2025-05-23 12:09:09,855 - INFO - ==================================================
2025-05-23 12:09:09,855 - INFO - ✓ Recordatorios enviados: 1
2025-05-23 12:09:09,856 - INFO - 📧 Ya enviados anteriormente: 0
2025-05-23 12:09:09,856 - INFO - ❌ Sin email: 0
2025-05-23 12:09:09,856 - INFO - ==================================================
2025-05-23 12:22:49,469 - INFO - Iniciando envío de recordatorios para 2025-05-24
2025-05-23 12:22:49,470 - INFO - Modo de prueba: No
2025-05-23 12:22:49,480 - INFO - Encontradas 1 citas para 2025-05-24
2025-05-23 12:22:49,483 - INFO - Ya se envió recordatorio para la cita #4
2025-05-23 12:22:49,483 - INFO - ==================================================
2025-05-23 12:22:49,483 - INFO - ✓ Recordatorios enviados: 0
2025-05-23 12:22:49,483 - INFO - 📧 Ya enviados anteriormente: 1
2025-05-23 12:22:49,484 - INFO - ❌ Sin email: 0
2025-05-23 12:22:49,484 - INFO - ==================================================
2025-05-23 15:12:36,519 - INFO - Iniciando envío de recordatorios para 2025-05-24
2025-05-23 15:12:36,520 - INFO - Modo de prueba: No
2025-05-23 15:12:36,540 - INFO - Encontradas 1 citas para 2025-05-24
2025-05-23 15:12:36,548 - INFO - Ya se envió recordatorio para la cita #4
2025-05-23 15:12:36,549 - INFO - ==================================================
2025-05-23 15:12:36,549 - INFO - ✓ Recordatorios enviados: 0
2025-05-23 15:12:36,549 - INFO - 📧 Ya enviados anteriormente: 1
2025-05-23 15:12:36,549 - INFO - ❌ Sin email: 0
2025-05-23 15:12:36,549 - INFO - ==================================================
2025-05-23 15:13:15,209 - INFO - Iniciando envío de recordatorios para 2025-05-24
2025-05-23 15:13:15,211 - INFO - Modo de prueba: No
2025-05-23 15:13:15,245 - INFO - Encontradas 1 citas para 2025-05-24
2025-05-23 15:13:15,255 - INFO - Ya se envió recordatorio para la cita #4
2025-05-23 15:13:15,255 - INFO - ==================================================
2025-05-23 15:13:15,256 - INFO - ✓ Recordatorios enviados: 0
2025-05-23 15:13:15,256 - INFO - 📧 Ya enviados anteriormente: 1
2025-05-23 15:13:15,257 - INFO - ❌ Sin email: 0
2025-05-23 15:13:15,258 - INFO - ==================================================
2025-05-23 15:16:12,667 - INFO - Iniciando envío de recordatorios para 2025-05-24
2025-05-23 15:16:12,669 - INFO - Modo de prueba: No
2025-05-23 15:16:12,689 - INFO - Encontradas 1 citas para 2025-05-24
2025-05-23 15:16:12,695 - INFO - Ya se envió recordatorio para la cita #4
2025-05-23 15:16:12,696 - INFO - ==================================================
2025-05-23 15:16:12,697 - INFO - ✓ Recordatorios enviados: 0
2025-05-23 15:16:12,697 - INFO - 📧 Ya enviados anteriormente: 1
2025-05-23 15:16:12,697 - INFO - ❌ Sin email: 0
2025-05-23 15:16:12,698 - INFO - ==================================================
2025-05-23 15:31:17,532 - INFO - Iniciando envío de recordatorios para 2025-05-24
2025-05-23 15:31:17,534 - INFO - Modo de prueba: No
2025-05-23 15:31:17,564 - INFO - Encontradas 1 citas para 2025-05-24
2025-05-23 15:31:17,573 - INFO - Ya se envió recordatorio para la cita #4
2025-05-23 15:31:17,574 - INFO - ==================================================
2025-05-23 15:31:17,574 - INFO - ✓ Recordatorios enviados: 0
2025-05-23 15:31:17,575 - INFO - 📧 Ya enviados anteriormente: 1
2025-05-23 15:31:17,575 - INFO - ❌ Sin email: 0
2025-05-23 15:31:17,575 - INFO - ==================================================
2025-05-23 15:32:10,809 - INFO - Iniciando envío de recordatorios para 2025-05-24
2025-05-23 15:32:10,811 - INFO - Modo de prueba: No
2025-05-23 15:32:10,851 - INFO - Encontradas 1 citas para 2025-05-24
2025-05-23 15:32:10,861 - INFO - Ya se envió recordatorio para la cita #4
2025-05-23 15:32:10,862 - INFO - ==================================================
2025-05-23 15:32:10,863 - INFO - ✓ Recordatorios enviados: 0
2025-05-23 15:32:10,863 - INFO - 📧 Ya enviados anteriormente: 1
2025-05-23 15:32:10,864 - INFO - ❌ Sin email: 0
2025-05-23 15:32:10,865 - INFO - ==================================================
2025-09-20 07:52:58,971 - INFO - Iniciando envío de recordatorios para 2025-09-21
2025-09-20 07:52:58,972 - INFO - Modo de prueba: No
2025-09-20 07:52:58,982 - INFO - Encontradas 0 citas para 2025-09-21
2025-09-20 07:52:58,982 - INFO - No hay citas para enviar recordatorios
2025-09-20 07:57:13,946 - INFO - Iniciando envío de recordatorios para 2025-09-21
2025-09-20 07:57:13,947 - INFO - Modo de prueba: No
2025-09-20 07:57:13,956 - INFO - Encontradas 0 citas para 2025-09-21
2025-09-20 07:57:13,956 - INFO - No hay citas para enviar recordatorios
2025-09-20 08:07:48,467 - INFO - Iniciando envío de recordatorios para 2025-09-21
2025-09-20 08:07:48,468 - INFO - Modo de prueba: No
2025-09-20 08:07:48,478 - INFO - Encontradas 0 citas para 2025-09-21
2025-09-20 08:07:48,479 - INFO - No hay citas para enviar recordatorios
